// Jest Snapshot v1, https://goo.gl/fbAQLP

exports[`<App /> renders correctly 1`] = `
<View
  style={
    Object {
      "flex": 1,
    }
  }
>
  <View
    style={
      Object {
        "flex": 1,
      }
    }
  >
    <RNCSafeAreaProvider
      onInsetsChange={[Function]}
      style={
        Array [
          Object {
            "flex": 1,
          },
          undefined,
        ]
      }
    >
      <View
        style={
          Array [
            Object {
              "backgroundColor": "rgb(242, 242, 242)",
              "flex": 1,
            },
            undefined,
          ]
        }
      >
        <View
          collapsable={false}
          pointerEvents="box-none"
          style={
            Object {
              "zIndex": 1,
            }
          }
        >
          <View
            accessibilityElementsHidden={false}
            importantForAccessibility="auto"
            onLayout={[Function]}
            pointerEvents="box-none"
            style={null}
          >
            <View
              collapsable={false}
              pointerEvents="box-none"
              style={
                Object {
                  "bottom": 0,
                  "left": 0,
                  "opacity": 1,
                  "position": "absolute",
                  "right": 0,
                  "top": 0,
                  "zIndex": 0,
                }
              }
            >
              <View
                collapsable={false}
                style={
                  Object {
                    "backgroundColor": "rgb(255, 255, 255)",
                    "borderBottomColor": "rgb(216, 216, 216)",
                    "flex": 1,
                    "shadowColor": "rgb(216, 216, 216)",
                    "shadowOffset": Object {
                      "height": 0.5,
                      "width": 0,
                    },
                    "shadowOpacity": 0.85,
                    "shadowRadius": 0,
                  }
                }
              />
            </View>
            <View
              collapsable={false}
              pointerEvents="box-none"
              style={
                Object {
                  "height": 44,
                  "maxHeight": undefined,
                  "minHeight": undefined,
                  "opacity": undefined,
                  "transform": undefined,
                }
              }
            >
              <View
                pointerEvents="none"
                style={
                  Object {
                    "height": 0,
                  }
                }
              />
              <View
                pointerEvents="box-none"
                style={
                  Object {
                    "alignItems": "stretch",
                    "flex": 1,
                    "flexDirection": "row",
                  }
                }
              >
                <View
                  collapsable={false}
                  pointerEvents="box-none"
                  style={
                    Object {
                      "alignItems": "flex-start",
                      "flexBasis": 0,
                      "flexGrow": 1,
                      "justifyContent": "center",
                      "marginStart": 0,
                      "opacity": 1,
                    }
                  }
                />
                <View
                  collapsable={false}
                  pointerEvents="box-none"
                  style={
                    Object {
                      "justifyContent": "center",
                      "marginHorizontal": 16,
                      "maxWidth": 718,
                      "opacity": 1,
                    }
                  }
                >
                  <Text
                    accessibilityRole="header"
                    aria-level="1"
                    collapsable={false}
                    numberOfLines={1}
                    onLayout={[Function]}
                    style={
                      Object {
                        "color": "rgb(28, 28, 30)",
                        "fontSize": 17,
                        "fontWeight": "600",
                      }
                    }
                  >
                    Welcome
                  </Text>
                </View>
                <View
                  collapsable={false}
                  pointerEvents="box-none"
                  style={
                    Object {
                      "alignItems": "flex-end",
                      "flexBasis": 0,
                      "flexGrow": 1,
                      "justifyContent": "center",
                      "marginEnd": 0,
                      "opacity": 1,
                    }
                  }
                />
              </View>
            </View>
          </View>
        </View>
        <RNSScreenContainer
          onLayout={[Function]}
          style={
            Object {
              "flex": 1,
            }
          }
        >
          <RNSScreen
            activityState={2}
            collapsable={false}
            forwardedRef={[Function]}
            gestureResponseDistance={
              Object {
                "bottom": -1,
                "end": -1,
                "start": -1,
                "top": -1,
              }
            }
            pointerEvents="box-none"
            style={
              Object {
                "bottom": 0,
                "left": 0,
                "position": "absolute",
                "right": 0,
                "top": 0,
              }
            }
          >
            <View
              collapsable={false}
              style={
                Object {
                  "opacity": 1,
                }
              }
            />
            <View
              accessibilityElementsHidden={false}
              closing={false}
              gestureVelocityImpact={0.3}
              importantForAccessibility="auto"
              onClose={[Function]}
              onGestureBegin={[Function]}
              onGestureCanceled={[Function]}
              onGestureEnd={[Function]}
              onOpen={[Function]}
              onTransition={[Function]}
              pointerEvents="box-none"
              style={
                Array [
                  Object {
                    "display": "flex",
                    "overflow": undefined,
                  },
                  Object {
                    "bottom": 0,
                    "left": 0,
                    "position": "absolute",
                    "right": 0,
                    "top": 0,
                  },
                ]
              }
              transitionSpec={
                Object {
                  "close": Object {
                    "animation": "spring",
                    "config": Object {
                      "damping": 500,
                      "mass": 3,
                      "overshootClamping": true,
                      "restDisplacementThreshold": 10,
                      "restSpeedThreshold": 10,
                      "stiffness": 1000,
                    },
                  },
                  "open": Object {
                    "animation": "spring",
                    "config": Object {
                      "damping": 500,
                      "mass": 3,
                      "overshootClamping": true,
                      "restDisplacementThreshold": 10,
                      "restSpeedThreshold": 10,
                      "stiffness": 1000,
                    },
                  },
                }
              }
            >
              <View
                collapsable={false}
                pointerEvents="box-none"
                style={
                  Object {
                    "flex": 1,
                  }
                }
              >
                <View
                  collapsable={false}
                  forwardedRef={[Function]}
                  handlerTag={2}
                  handlerType="PanGestureHandler"
                  needsOffscreenAlphaCompositing={false}
                  onGestureHandlerEvent={[Function]}
                  onGestureHandlerStateChange={[Function]}
                  style={
                    Object {
                      "flex": 1,
                      "transform": Array [
                        Object {
                          "translateX": 0,
                        },
                        Object {
                          "translateX": 0,
                        },
                      ],
                    }
                  }
                >
                  <View
                    pointerEvents="box-none"
                    style={
                      Array [
                        Object {
                          "flex": 1,
                          "overflow": "hidden",
                        },
                        Array [
                          Object {
                            "backgroundColor": "rgb(242, 242, 242)",
                          },
                          undefined,
                        ],
                      ]
                    }
                  >
                    <View
                      style={
                        Object {
                          "flex": 1,
                          "flexDirection": "column-reverse",
                        }
                      }
                    >
                      <View
                        style={
                          Object {
                            "flex": 1,
                          }
                        }
                      >
                        <Image
                          source={1}
                          style={
                            Object {
                              "flex": 1,
                              "height": "100%",
                              "opacity": 0.2,
                              "position": "absolute",
                              "width": "100%",
                            }
                          }
                        />
                        <View
                          style={
                            Object {
                              "flex": 1,
                              "justifyContent": "center",
                              "paddingLeft": 8,
                              "paddingRight": 8,
                            }
                          }
                        >
                          <Text
                            style={
                              Object {
                                "alignSelf": "center",
                                "fontSize": 36,
                                "fontWeight": "bold",
                                "marginBottom": "15%",
                              }
                            }
                          >
                            SpoilerAlert!
                          </Text>
                          <Text
                            style={
                              Object {
                                "fontSize": 14,
                                "marginBottom": "5%",
                                "textAlign": "center",
                              }
                            }
                          >
                            Log in or sign up to use Spoiler Alert!
                          </Text>
                          <View
                            accessible={true}
                            collapsable={false}
                            focusable={true}
                            onBlur={[Function]}
                            onClick={[Function]}
                            onFocus={[Function]}
                            onResponderGrant={[Function]}
                            onResponderMove={[Function]}
                            onResponderRelease={[Function]}
                            onResponderTerminate={[Function]}
                            onResponderTerminationRequest={[Function]}
                            onStartShouldSetResponder={[Function]}
                            style={
                              Object {
                                "alignSelf": "center",
                                "backgroundColor": "#0E7835",
                                "borderRadius": 20,
                                "elevation": 0,
                                "height": 35,
                                "justifyContent": "center",
                                "marginBottom": "5%",
                                "marginLeft": "50%",
                                "marginRight": "50%",
                                "width": "50%",
                              }
                            }
                          >
                            <Text
                              style={
                                Object {
                                  "alignSelf": "center",
                                  "color": "white",
                                  "fontSize": 16,
                                  "fontWeight": "bold",
                                  "justifyContent": "center",
                                  "letterSpacing": 0.25,
                                }
                              }
                            >
                              Log In
                            </Text>
                          </View>
                          <View
                            accessible={true}
                            collapsable={false}
                            focusable={true}
                            onBlur={[Function]}
                            onClick={[Function]}
                            onFocus={[Function]}
                            onResponderGrant={[Function]}
                            onResponderMove={[Function]}
                            onResponderRelease={[Function]}
                            onResponderTerminate={[Function]}
                            onResponderTerminationRequest={[Function]}
                            onStartShouldSetResponder={[Function]}
                            style={
                              Object {
                                "alignSelf": "center",
                                "backgroundColor": "#0E7835",
                                "borderRadius": 20,
                                "elevation": 0,
                                "height": 35,
                                "justifyContent": "center",
                                "marginLeft": "50%",
                                "marginRight": "50%",
                                "width": "50%",
                              }
                            }
                          >
                            <Text
                              style={
                                Object {
                                  "alignSelf": "center",
                                  "color": "white",
                                  "fontSize": 16,
                                  "fontWeight": "bold",
                                  "justifyContent": "center",
                                  "letterSpacing": 0.25,
                                }
                              }
                            >
                              Sign Up
                            </Text>
                          </View>
                          <Image
                            source={1}
                            style={
                              Object {
                                "alignSelf": "center",
                                "height": 400,
                                "opacity": 0.3,
                                "width": 400,
                              }
                            }
                          />
                        </View>
                      </View>
                    </View>
                  </View>
                </View>
              </View>
            </View>
          </RNSScreen>
        </RNSScreenContainer>
      </View>
    </RNCSafeAreaProvider>
  </View>
</View>
`;
